//! expect_parse_fail
//! --enable-tuples expect_parse_fail
//! --enable-tuples --tuples-require-parens expect_parse_fail
//! --enable-tuples --tuples-require-parens --use-parser-tuples expect_parse_fail
Invalid assign
-- multi_eq_bad.infix:0:0
x = 5 = 6;
~~~~~~~~~

Invalid assign
-- multi_eq_bad.infix:2:0
x = = 1;
~~~~~~~
